STL translation to Solid Edge
Date: Wednesday,May 29,2024 10:32AM
Source File:C:\Users\gibbens\Documents\PrusaMini\2024\05_PewterCasting\25inch-three-jaw-chuck-model_files\circlip.stl
Author: Unknown
Organization: Unknown
Source System: DEX

Hardware:
Processor: 12th Gen Intel(R) Core(TM) i9-12950HX
Operating System: Windows 10 Enterprise Edition
Installed Memory: 63.69 GB

Software Information:
Parasolid Version: 36.0.142
PSBodyshop Version: 36.0.108
STL Adapter Version: 13.0.193
Solid Edge Version: 224.00.00.101 x64

STL Import Options
Heal Mesh Faults:Off
Make Base Feature:On
Enable Logging:On

Translation progress:
Translation process completed
Time required to translate:00 : 00 : 00
