Solid Edge Translation To obj
Date: Tuesday,April 28,2026 01:13PM
Output File: C:\Users\gibbens\Documents\Arduino\2026\Shop_HookPart3.obj
Author: Unknown
Organization: Unknown
Source System: SOLID EDGE

Hardware:
Processor: 12th Gen Intel(R) Core(TM) i9-12950HX
Operating System: Windows 10 Enterprise Edition
Installed Memory: 63.69 GB

Software Information:
Parasolid Version: 38.0.185
PSBodyshop Version: 38.0.116
OBJ Adapter Version: 1700.0.0
Solid Edge Version: 227.00.00.032 x64

OBJ Export Options:
Export Construction Solids:Off
Export Displayed Parts:Off
Export Construction Sheets:Off
Enable Logging:On
Export Textures:Off
Export Flatten Assembly:On
Export Construction Solids and Sheets if design bodies not present:Off
Export Units:Millimeters
Export Tolerance Value:1.250000
Export Tolerance Type:Custom
Export Surface Plane Angle Value:0.523599

Translation progress:
Translation process completed
Time required to translate:00 : 00 : 01
