Solid Edge Translation to STL
Date: Friday,October 18,2024 12:56PM
Source File:C:\Users\gibbens\Documents\PrusaMini\2024\10_AutoCueHolder\TabletArm_01.par
Source System: SOLID EDGE

Hardware:
Processor: 12th Gen Intel(R) Core(TM) i9-12950HX
Operating System: Windows 10 Enterprise Edition
Installed Memory: 63.69 GB

Software Information:
Parasolid Version: 36.0.142
PSBodyshop Version: 36.0.108
STL Adapter Version: 13.0.193
Solid Edge Version: 224.00.00.101 x64

STL Export Options:
Output File Format:BINARY
Export Displayed Parts:Off
structureOption: Monolithic
Export Units:Millimeter
Export Tolerance Value:0.001000
Export Tolerance Type:Fine
Export Surface Plane Angle Value:0.523599

Translation progress:
Translation process completed
Time required to translate:00 : 00 : 00
