Solid Edge Translation To 3MF
Date: Saturday,December 02,2023 08:47AM
Output File: C:\Users\gibbens\Documents\PrusaMini\2023\2023_11_DishWasherFacia\PairOfSupports_01.3mf
Author: Unknown
Organization: Unknown
Source System: SOLID EDGE

Hardware:
Processor: 12th Gen Intel(R) Core(TM) i9-12950HX
Operating System: Windows 10 Enterprise Edition
Installed Memory: 63.69 GB

Software Information:
Parasolid Version: 34.0.153
PSBodyshop Version: 34.0.110
3MF Adapter Version:9.0.87
Solid Edge Version: 222.00.00.132 x64

3MF Export Options
Export Construction Solids:Off
Export Displayed Parts:Off
Enable Logging:On
AllowInvalid3mfObjects:Off
Export Flatten Assembly:On
Export Units:Millimeters
Export Tolerance Value:0.001000
Export Tolerance Type:Fine
Export Surface Plane Angle Value:0.523599
Export Author:Unknown
Export Description:Unknown
Export Organization:Unknown
Export Program Name:Unknown

Translation progress:
Phase 1 of 1 Translating Parasolid to foreign data types...
Translation process completed
Time required to translate:00 : 00 : 00
